Traceback (most recent call last):
  File "/home/DAVIDSON/tomallenntiador/.conda/envs/contrastive/lib/python3.10/pathlib.py", line 1175, in mkdir
    self._accessor.mkdir(self, mode)
FileNotFoundError: [Errno 2] No such file or directory: '/var/results/downstream/plots/classification/O16_UNSAMPLED'

During handling of the above exception, another exception occurred:

Traceback (most recent call last):
  File "/home/DAVIDSON/tomallenntiador/.conda/envs/contrastive/lib/python3.10/pathlib.py", line 1175, in mkdir
    self._accessor.mkdir(self, mode)
FileNotFoundError: [Errno 2] No such file or directory: '/var/results/downstream/plots/classification'

During handling of the above exception, another exception occurred:

Traceback (most recent call last):
  File "/home/DAVIDSON/tomallenntiador/.conda/envs/contrastive/lib/python3.10/pathlib.py", line 1175, in mkdir
    self._accessor.mkdir(self, mode)
FileNotFoundError: [Errno 2] No such file or directory: '/var/results/downstream/plots'

During handling of the above exception, another exception occurred:

Traceback (most recent call last):
  File "/home/DAVIDSON/tomallenntiador/.conda/envs/contrastive/lib/python3.10/pathlib.py", line 1175, in mkdir
    self._accessor.mkdir(self, mode)
FileNotFoundError: [Errno 2] No such file or directory: '/var/results/downstream'

During handling of the above exception, another exception occurred:

Traceback (most recent call last):
  File "/var/spool/slurmd/job35479/slurm_script", line 247, in <module>
    main()
  File "/var/spool/slurmd/job35479/slurm_script", line 200, in main
    output_dir.mkdir(parents=True, exist_ok=True)
  File "/home/DAVIDSON/tomallenntiador/.conda/envs/contrastive/lib/python3.10/pathlib.py", line 1179, in mkdir
    self.parent.mkdir(parents=True, exist_ok=True)
  File "/home/DAVIDSON/tomallenntiador/.conda/envs/contrastive/lib/python3.10/pathlib.py", line 1179, in mkdir
    self.parent.mkdir(parents=True, exist_ok=True)
  File "/home/DAVIDSON/tomallenntiador/.conda/envs/contrastive/lib/python3.10/pathlib.py", line 1179, in mkdir
    self.parent.mkdir(parents=True, exist_ok=True)
  [Previous line repeated 1 more time]
  File "/home/DAVIDSON/tomallenntiador/.conda/envs/contrastive/lib/python3.10/pathlib.py", line 1175, in mkdir
    self._accessor.mkdir(self, mode)
PermissionError: [Errno 13] Permission denied: '/var/results'
