2: attach track labels
[add_num_tracks] dataset shape: (2458, 4093, 7)
3: simplify class label
[simplify_class] class distribution: {np.int64(0): np.int64(1184), np.int64(1): np.int64(476), np.int64(2): np.int64(798)}
4: random sample to 512 points
[random_sample] sampled array shape: (2458, 512, 5)
5: scale features
[scale_data] scaling complete
7: 60/20/20 split
[split] train (1475, 512, 5)  val (492, 512, 5)  test (491, 512, 5)
7: generate trial files
[generate_trials] training pool size: 1475
  N=  30  trials=10  feat shape=(30, 512, 4)
  N=  45  trials=10  feat shape=(45, 512, 4)
  N=  60  trials=10  feat shape=(60, 512, 4)
  N=  90  trials=10  feat shape=(90, 512, 4)
  N= 120  trials=10  feat shape=(120, 512, 4)
  N= 150  trials=10  feat shape=(150, 512, 4)
  N= 180  trials=10  feat shape=(180, 512, 4)
  N= 210  trials=10  feat shape=(210, 512, 4)
  N= 240  trials=10  feat shape=(240, 512, 4)
  N= 270  trials=10  feat shape=(270, 512, 4)
  N= 300  trials=10  feat shape=(300, 512, 4)
  N= 360  trials=10  feat shape=(360, 512, 4)
  N= 420  trials=10  feat shape=(420, 512, 4)
  N= 480  trials=10  feat shape=(480, 512, 4)
  N= 570  trials=10  feat shape=(570, 512, 4)
  N= 700  trials=10  feat shape=(700, 512, 4)
  N= 830  trials=10  feat shape=(830, 512, 4)
  N=1000  trials=10  feat shape=(1000, 512, 4)
  N=1200  trials=10  feat shape=(1200, 512, 4)
  N=1400  trials=10  feat shape=(1400, 512, 4)
[generate_trials] done.
Pipeline complete
