Loading features and labels...
Features shape: (2458, 128)
Labels shape: (2458,)
Using random seed baseline: 0
Target results directory established: ./linear_probe_results/O16_simclr_best_learning_curve
Full training set size: 1966
Test set size: 492
Training sizes to test: [  50   60   71   85  102  122  146  174  208  248  297  355  424  507
  605  723  864 1033 1234 1475]
Standardizing features...

Starting learning curve analysis with 20 training sizes...
============================================================

Progress: 1/20 - Training size: 50
  Train Acc: 1.0000 ± 0.0000
  Test Acc:  0.6978 ± 0.0154

Progress: 2/20 - Training size: 60
  Train Acc: 1.0000 ± 0.0000
  Test Acc:  0.7107 ± 0.0241

Progress: 3/20 - Training size: 71
  Train Acc: 1.0000 ± 0.0000
  Test Acc:  0.6978 ± 0.0126

Progress: 4/20 - Training size: 85
  Train Acc: 1.0000 ± 0.0000
  Test Acc:  0.6944 ± 0.0201

Progress: 5/20 - Training size: 102
  Train Acc: 1.0000 ± 0.0000
  Test Acc:  0.6870 ± 0.0191

Progress: 6/20 - Training size: 122
  Train Acc: 0.9973 ± 0.0039
  Test Acc:  0.6985 ± 0.0168

Progress: 7/20 - Training size: 146
  Train Acc: 0.9977 ± 0.0032
  Test Acc:  0.6958 ± 0.0125

Progress: 8/20 - Training size: 174
  Train Acc: 0.9981 ± 0.0027
  Test Acc:  0.6992 ± 0.0029

Progress: 9/20 - Training size: 208
  Train Acc: 0.9968 ± 0.0045
  Test Acc:  0.7087 ± 0.0084

Progress: 10/20 - Training size: 248
  Train Acc: 0.9960 ± 0.0033
  Test Acc:  0.7161 ± 0.0127

Progress: 11/20 - Training size: 297
  Train Acc: 0.9854 ± 0.0016
  Test Acc:  0.7202 ± 0.0154

Progress: 12/20 - Training size: 355
  Train Acc: 0.9671 ± 0.0035
  Test Acc:  0.7134 ± 0.0083

Progress: 13/20 - Training size: 424
  Train Acc: 0.9442 ± 0.0078
  Test Acc:  0.7134 ± 0.0086

Progress: 14/20 - Training size: 507
  Train Acc: 0.9336 ± 0.0139
  Test Acc:  0.7148 ± 0.0063

Progress: 15/20 - Training size: 605
  Train Acc: 0.9063 ± 0.0170
  Test Acc:  0.7344 ± 0.0117

Progress: 16/20 - Training size: 723
  Train Acc: 0.8884 ± 0.0165
  Test Acc:  0.7344 ± 0.0096

Progress: 17/20 - Training size: 864
  Train Acc: 0.8657 ± 0.0113
  Test Acc:  0.7358 ± 0.0072

Progress: 18/20 - Training size: 1033
  Train Acc: 0.8596 ± 0.0072
  Test Acc:  0.7351 ± 0.0075

Progress: 19/20 - Training size: 1234
  Train Acc: 0.8466 ± 0.0055
  Test Acc:  0.7290 ± 0.0067

Progress: 20/20 - Training size: 1475
  Train Acc: 0.8416 ± 0.0044
  Test Acc:  0.7378 ± 0.0088

============================================================
Learning curve analysis completed!

Training final model with full training data...
Final model - Train Acc: 0.8215, Test Acc: 0.7541

All results saved to: ./linear_probe_results/O16_simclr_best_learning_curve

Classification Report:
              precision    recall  f1-score   support

     0-track       0.85      0.90      0.87       237
     1-track       0.47      0.36      0.40        95
     2-track       0.74      0.77      0.75       160

    accuracy                           0.75       492
   macro avg       0.68      0.68      0.68       492
weighted avg       0.74      0.75      0.74       492

