Loading features and labels...
Features shape: (2458, 128)
Labels shape: (2458,)
Using random seed baseline: 0
Target results directory established: ./linear_probe_results/O16_simclr_best_learning_curve
Full training set size: 1966
Test set size: 492
Training sizes to test: [  50   60   71   85  102  122  146  174  208  248  297  355  424  507
  605  723  864 1033 1234 1475]
Standardizing features...

Starting learning curve analysis with 20 training sizes...
============================================================

Progress: 1/20 - Training size: 50
  Train Acc: 1.0000 ± 0.0000
  Test Acc:  0.6551 ± 0.0185

Progress: 2/20 - Training size: 60
  Train Acc: 1.0000 ± 0.0000
  Test Acc:  0.6741 ± 0.0209

Progress: 3/20 - Training size: 71
  Train Acc: 1.0000 ± 0.0000
  Test Acc:  0.6904 ± 0.0091

Progress: 4/20 - Training size: 85
  Train Acc: 1.0000 ± 0.0000
  Test Acc:  0.6917 ± 0.0324

Progress: 5/20 - Training size: 102
  Train Acc: 1.0000 ± 0.0000
  Test Acc:  0.6938 ± 0.0235

Progress: 6/20 - Training size: 122
  Train Acc: 1.0000 ± 0.0000
  Test Acc:  0.6911 ± 0.0274

Progress: 7/20 - Training size: 146
  Train Acc: 1.0000 ± 0.0000
  Test Acc:  0.6938 ± 0.0082

Progress: 8/20 - Training size: 174
  Train Acc: 1.0000 ± 0.0000
  Test Acc:  0.6897 ± 0.0082

Progress: 9/20 - Training size: 208
  Train Acc: 0.9936 ± 0.0045
  Test Acc:  0.7012 ± 0.0060

Progress: 10/20 - Training size: 248
  Train Acc: 0.9825 ± 0.0050
  Test Acc:  0.7053 ± 0.0251

Progress: 11/20 - Training size: 297
  Train Acc: 0.9607 ± 0.0111
  Test Acc:  0.6877 ± 0.0224

Progress: 12/20 - Training size: 355
  Train Acc: 0.9465 ± 0.0023
  Test Acc:  0.6992 ± 0.0057

Progress: 13/20 - Training size: 424
  Train Acc: 0.9520 ± 0.0146
  Test Acc:  0.7107 ± 0.0141

Progress: 14/20 - Training size: 507
  Train Acc: 0.9106 ± 0.0052
  Test Acc:  0.6985 ± 0.0194

Progress: 15/20 - Training size: 605
  Train Acc: 0.9041 ± 0.0067
  Test Acc:  0.7175 ± 0.0088

Progress: 16/20 - Training size: 723
  Train Acc: 0.8847 ± 0.0121
  Test Acc:  0.7317 ± 0.0076

Progress: 17/20 - Training size: 864
  Train Acc: 0.8777 ± 0.0076
  Test Acc:  0.7263 ± 0.0138

Progress: 18/20 - Training size: 1033
  Train Acc: 0.8567 ± 0.0049
  Test Acc:  0.7263 ± 0.0058

Progress: 19/20 - Training size: 1234
  Train Acc: 0.8460 ± 0.0081
  Test Acc:  0.7419 ± 0.0092

Progress: 20/20 - Training size: 1475
  Train Acc: 0.8402 ± 0.0099
  Test Acc:  0.7263 ± 0.0035

============================================================
Learning curve analysis completed!
matplotlib is not installed; skipping learning_curve.png
matplotlib is not installed; skipping performance_table.png

Training final model with full training data...
Final model - Train Acc: 0.8291, Test Acc: 0.7561
matplotlib is not installed; saved CSV metrics and skipped final plot PNGs

All results saved to: ./linear_probe_results/O16_simclr_best_learning_curve

Classification Report:
                precision     recall   f1-score    support
       0-track     0.8261     0.8819     0.8531        237
       1-track     0.4462     0.3053     0.3625         95
       2-track     0.7701     0.8375     0.8024        160

      accuracy                           0.7561        492
     macro avg     0.6808     0.6749     0.6727        492
  weighted avg     0.7345     0.7561     0.7419        492
