Device: cuda
  GPU: NVIDIA RTX A6000
  TorchSparse hash_rsv_ratio: 8

Dataset: 60784 events
Train batches: 3799  (batch_size=16)

Trainable parameters: 2,824,848
Resumed from epoch 2 (checkpoints/best.pt)
 Epoch    train_loss          lr     time
--------------------------------------------
  3/10  train_loss=0.1052  lr=2.38e-04   127.5s
Saved: checkpoints/best.pt
  4/10  train_loss=0.0880  lr=1.97e-04   126.8s
Saved: checkpoints/best.pt
  5/10  train_loss=0.0705  lr=1.50e-04   127.1s
Saved: checkpoints/best.pt
  6/10  train_loss=0.0582  lr=1.04e-04   127.7s
Saved: checkpoints/best.pt
  7/10  train_loss=0.0466  lr=6.26e-05   127.0s
Saved: checkpoints/best.pt
  8/10  train_loss=0.0396  lr=2.96e-05   127.5s
Saved: checkpoints/best.pt
  9/10  train_loss=0.0337  lr=8.32e-06   126.2s
Saved: checkpoints/best.pt
 10/10  train_loss=0.0305  lr=1.00e-06   126.9s
Saved: checkpoints/best.pt
Saved: checkpoints/epoch_010.pt
Saved: checkpoints/final.pt

Done. Best avg loss: 0.0305
